{"time":"2025-04-27T20:04:45+02:00","session":{"user_id":"8","email":"shashanksaket9@gmail.com","first_name":"Shashank","last_name":"Anjali"},"post":{"order_id":"DR-680E7166B6E86"}}
{"time":"2025-04-27T20:05:02+02:00","session":{"user_id":"8","email":"shashanksaket9@gmail.com","first_name":"Shashank","last_name":"Anjali"},"post":{"order_id":"DR-680E7166B6E86"}}
{"time":"2025-04-27T20:08:04+02:00","session":{"user_id":"8","email":"shashanksaket9@gmail.com","first_name":"Shashank","last_name":"Anjali"},"post":{"order_id":"DR-680E7276EB77E"}}
{"time":"2025-04-27T20:14:32+02:00","session":{"user_id":"8","email":"shashanksaket9@gmail.com","first_name":"Shashank","last_name":"Anjali"},"post":{"order_id":"DR-680E73FAA901F"}}
{"time":"2025-04-27T20:14:37+02:00","session":{"user_id":"8","email":"shashanksaket9@gmail.com","first_name":"Shashank","last_name":"Anjali"},"post":{"order_id":"DR-680E73FAA901F"}}
{"time":"2025-04-27T20:14:44+02:00","session":{"user_id":"8","email":"shashanksaket9@gmail.com","first_name":"Shashank","last_name":"Anjali"},"post":{"order_id":"DR-680E73FAA901F"}}
{"time":"2025-04-27T20:15:08+02:00","session":{"user_id":"8","email":"shashanksaket9@gmail.com","first_name":"Shashank","last_name":"Anjali"},"post":{"order_id":"DR-680E73FAA901F"}}
{"time":"2025-04-27T20:15:20+02:00","session":{"user_id":"8","email":"shashanksaket9@gmail.com","first_name":"Shashank","last_name":"Anjali"},"post":{"order_id":"DR-680E73FAA901F"}}
{"time":"2025-04-27T20:15:29+02:00","session":{"user_id":"8","email":"shashanksaket9@gmail.com","first_name":"Shashank","last_name":"Anjali"},"post":{"order_id":"DR-680E73FAA901F"}}
{"time":"2025-04-27T20:16:07+02:00","session":{"user_id":"8","email":"shashanksaket9@gmail.com","first_name":"Shashank","last_name":"Anjali"},"post":{"order_id":"DR-680E73FAA901F"}}
{"time":"2025-04-27T20:19:04+02:00","session":{"user_id":"8","email":"shashanksaket9@gmail.com","first_name":"Shashank","last_name":"Anjali"},"post":{"order_id":"DR-680E750B81AC1"}}
{"time":"2025-04-27T20:19:50+02:00","session":{"user_id":"8","email":"shashanksaket9@gmail.com","first_name":"Shashank","last_name":"Anjali"},"post":{"order_id":"DR-680E750B81AC1"}}
{"time":"2025-04-27T20:20:20+02:00","session":{"user_id":"8","email":"shashanksaket9@gmail.com","first_name":"Shashank","last_name":"Anjali"},"post":{"order_id":"DR-680E750B81AC1"}}
{"time":"2025-04-27T20:20:37+02:00","session":{"user_id":"8","email":"shashanksaket9@gmail.com","first_name":"Shashank","last_name":"Anjali"},"post":{"order_id":"DR-680E750B81AC1"}}
{"time":"2025-04-27T20:25:49+02:00","session":{"user_id":"8","email":"shashanksaket9@gmail.com","first_name":"Shashank","last_name":"Anjali"},"post":{"order_id":"DR-680E769CAC005"}}
{"time":"2025-04-27T20:25:53+02:00","session":{"user_id":"8","email":"shashanksaket9@gmail.com","first_name":"Shashank","last_name":"Anjali"},"post":{"order_id":"DR-680E769CAC005"}}
{"time":"2025-04-27T20:30:48+02:00","session":{"user_id":"8","email":"shashanksaket9@gmail.com","first_name":"Shashank","last_name":"Anjali"},"post":{"order_id":"DR-680E77CC238B4"}}
{"time":"2025-04-27T20:35:17+02:00","session":{"user_id":"8","email":"shashanksaket9@gmail.com","first_name":"Shashank","last_name":"Anjali"},"post":{"order_id":"DR-680E78C1CCE66"}}
{"time":"2025-04-27T20:40:32+02:00","session":{"user_id":"8","email":"shashanksaket9@gmail.com","first_name":"Shashank","last_name":"Anjali"},"post":{"order_id":"DR-680E7A1328ACE"}}
{"time":"2025-04-27T20:44:25+02:00","session":{"user_id":"8","email":"shashanksaket9@gmail.com","first_name":"Shashank","last_name":"Anjali"},"post":{"order_id":"DR-680E7AE789C98"}}
{"time":"2025-04-27T20:49:17+02:00","session":{"user_id":"8","email":"shashanksaket9@gmail.com","first_name":"Shashank","last_name":"Anjali"},"post":{"order_id":"DR-680E7C0D73993"}}
{"time":"2025-04-27T20:58:46+02:00","session":{"user_id":"8","email":"shashanksaket9@gmail.com","first_name":"Shashank","last_name":"Anjali"},"post":{"order_id":"DR-680E7E406CE96"}}
{"time":"2025-04-27T21:09:26+02:00","session":{"user_id":"8","email":"shashanksaket9@gmail.com","first_name":"Shashank","last_name":"Anjali"},"post":{"order_id":"DR-680E80D2B2D84"}}
{"time":"2025-04-27T21:16:53+02:00","session":{"user_id":"8","email":"shashanksaket9@gmail.com","first_name":"Shashank","last_name":"Anjali"},"post":{"order_id":"DR-680E8296E1565"}}
{"time":"2025-04-27T21:20:34+02:00","session":{"user_id":"8","email":"shashanksaket9@gmail.com","first_name":"Shashank","last_name":"Anjali"},"post":{"order_id":"DR-680E8372A5433"}}
{"time":"2025-04-27T21:20:55+02:00","session":{"user_id":"8","email":"shashanksaket9@gmail.com","first_name":"Shashank","last_name":"Anjali"},"post":{"order_id":"DR-680E8372A5433"}}
{"time":"2025-04-27T21:28:12+02:00","session":{"user_id":"8","email":"shashanksaket9@gmail.com","first_name":"Shashank","last_name":"Anjali"},"post":{"order_id":"DR-680E8537D7CCD"}}
{"time":"2025-04-27T21:28:33+02:00","session":{"user_id":"8","email":"shashanksaket9@gmail.com","first_name":"Shashank","last_name":"Anjali"},"post":{"order_id":"DR-680E8537D7CCD"}}
{"time":"2025-04-27T21:29:57+02:00","session":null,"post":[]}
{"time":"2025-04-27T21:30:11+02:00","session":null,"post":[]}
{"time":"2025-04-27T21:31:07+02:00","session":null,"post":[]}
{"time":"2025-04-27T21:35:02+02:00","session":{"user_id":"8","email":"shashanksaket9@gmail.com","first_name":"Shashank","last_name":"Anjali"},"post":{"order_id":"DR-680E86C93FA2C"}}
{"time":"2025-04-27T21:37:18+02:00","session":{"user_id":"8","email":"shashanksaket9@gmail.com","first_name":"Shashank","last_name":"Anjali"},"post":{"order_id":"DR-680E875626571"}}
{"time":"2025-04-27T21:37:29+02:00","session":{"user_id":"8","email":"shashanksaket9@gmail.com","first_name":"Shashank","last_name":"Anjali"},"post":{"order_id":"DR-680E875626571"}}
{"time":"2025-04-27T21:42:48+02:00","session":{"user_id":"8","email":"shashanksaket9@gmail.com","first_name":"Shashank","last_name":"Anjali"},"post":{"order_id":"DR-680E88A3AAADF"}}
{"time":"2025-04-28T16:34:54+02:00","session":{"user_id":"15","email":"ayndrome06@gmail.com","first_name":"Ayndrome","last_name":"Drone"},"post":{"order_id":"DR-680F91AD80654"}}
{"time":"2025-04-28T19:45:16+02:00","session":{"user_id":"15","email":"ayndrome06@gmail.com","first_name":"Ayndrome","last_name":"Drone"},"post":{"order_id":"DR-680FBE758333E"}}
{"time":"2025-04-28T19:47:05+02:00","session":{"user_id":"15","email":"ayndrome06@gmail.com","first_name":"Ayndrome","last_name":"Drone"},"post":{"order_id":"DR-680FBEF23702E"}}
{"time":"2025-04-30T09:10:15+02:00","session":{"user_id":"18","email":"ayndrome06@gmail.com","first_name":"Ayndrome","last_name":"Moore"},"post":{"order_id":"DR-6811CC8BF0A35"}}
